
> online-classroom-frontend@1.0.0 build
> vite build

[36mvite v5.4.21 [32mbuilding for production...[36m[39m
transforming...
[32mΓ£ô[39m 5 modules transformed.
node.exe : [31mx[39m 
Build failed in 540ms
At line:1 char:1
+ & "C:\Program 
Files\nodejs/node.exe" 
"C:\Program 
Files\nodejs/node_mo ...
+ ~~~~~~~~~~~~~~~~~~~~~~~~~~
~~~~~~~~~~~~~~~~~~~~~~~~~~~~
~~~~~~~~~~~~~~~
    + CategoryInfo          
    : NotSpecified: ([31m  
  x[39m Build failed in    
 540ms:String) [], Remot    
eException
    + FullyQualifiedErrorId 
    : NativeCommandError
 
[31merror during build:
[31m[vite:css] [postcss] 
Missing "./base" specifier 
in "tailwindcss" 
package[31m
file: [36mC:/Users/anand/On
eDrive/Desktop/Online_classr
oom_portal/frontend/src/styl
es/globals.css:undefined:NaN
[31m
    at e (file:///C:/Users/a
nand/OneDrive/Desktop/Online
_classroom_portal/frontend/n
ode_modules/vite/dist/node/c
hunks/dep-BK3b2jBa.js:46042:
25)
    at n (file:///C:/Users/a
nand/OneDrive/Desktop/Online
_classroom_portal/frontend/n
ode_modules/vite/dist/node/c
hunks/dep-BK3b2jBa.js:46042:
627)
    at o (file:///C:/Users/a
nand/OneDrive/Desktop/Online
_classroom_portal/frontend/n
ode_modules/vite/dist/node/c
hunks/dep-BK3b2jBa.js:46042:
1297)
    at 
resolveExportsOrImports (fil
e:///C:/Users/anand/OneDrive
/Desktop/Online_classroom_po
rtal/frontend/node_modules/v
ite/dist/node/chunks/dep-BK3
b2jBa.js:46663:18)
    at resolveDeepImport (fi
le:///C:/Users/anand/OneDriv
e/Desktop/Online_classroom_p
ortal/frontend/node_modules/
vite/dist/node/chunks/dep-BK
3b2jBa.js:46686:25)
    at tryNodeResolve (file:
///C:/Users/anand/OneDrive/D
esktop/Online_classroom_port
al/frontend/node_modules/vit
e/dist/node/chunks/dep-BK3b2
jBa.js:46451:16)
    at 
ResolveIdContext.resolveId (
file:///C:/Users/anand/OneDr
ive/Desktop/Online_classroom
_portal/frontend/node_module
s/vite/dist/node/chunks/dep-
BK3b2jBa.js:46201:19)
    at 
PluginContainer.resolveId (f
ile:///C:/Users/anand/OneDri
ve/Desktop/Online_classroom_
portal/frontend/node_modules
/vite/dist/node/chunks/dep-B
K3b2jBa.js:49018:17)
    at async 
Object.<anonymous> (file:///
C:/Users/anand/OneDrive/Desk
top/Online_classroom_portal/
frontend/node_modules/vite/d
ist/node/chunks/dep-BK3b2jBa
.js:66542:15)
    at async Object.resolve 
(file:///C:/Users/anand/OneD
rive/Desktop/Online_classroo
m_portal/frontend/node_modul
es/vite/dist/node/chunks/dep
-BK3b2jBa.js:36818:28)[39m
